// Jest Snapshot v1, https://goo.gl/fbAQLP

exports[`MovieDescription tests Component MovieDescription renders correctly 1`] = `
ShallowWrapper {
  "length": 1,
  Symbol(enzyme.__root__): [Circular],
  Symbol(enzyme.__unrendered__): <Unknown
    jenre="Horror"
    name="TestFilm"
    year="2018"
  />,
  Symbol(enzyme.__renderer__): Object {
    "batchedUpdates": [Function],
    "getNode": [Function],
    "render": [Function],
    "simulateEvent": [Function],
    "unmount": [Function],
  },
  Symbol(enzyme.__node__): Object {
    "instance": null,
    "key": undefined,
    "nodeType": "host",
    "props": Object {
      "children": Array [
        <h4>
          TestFilm
        </h4>,
        <p>
          Horror
           (
          2018
          )
        </p>,
      ],
    },
    "ref": null,
    "rendered": Array [
      Object {
        "instance": null,
        "key": undefined,
        "nodeType": "host",
        "props": Object {
          "children": "TestFilm",
        },
        "ref": null,
        "rendered": "TestFilm",
        "type": "h4",
      },
      Object {
        "instance": null,
        "key": undefined,
        "nodeType": "host",
        "props": Object {
          "children": Array [
            "Horror",
            " (",
            "2018",
            ")",
          ],
        },
        "ref": null,
        "rendered": Array [
          "Horror",
          " (",
          "2018",
          ")",
        ],
        "type": "p",
      },
    ],
    "type": "div",
  },
  Symbol(enzyme.__nodes__): Array [
    Object {
      "instance": null,
      "key": undefined,
      "nodeType": "host",
      "props": Object {
        "children": Array [
          <h4>
            TestFilm
          </h4>,
          <p>
            Horror
             (
            2018
            )
          </p>,
        ],
      },
      "ref": null,
      "rendered": Array [
        Object {
          "instance": null,
          "key": undefined,
          "nodeType": "host",
          "props": Object {
            "children": "TestFilm",
          },
          "ref": null,
          "rendered": "TestFilm",
          "type": "h4",
        },
        Object {
          "instance": null,
          "key": undefined,
          "nodeType": "host",
          "props": Object {
            "children": Array [
              "Horror",
              " (",
              "2018",
              ")",
            ],
          },
          "ref": null,
          "rendered": Array [
            "Horror",
            " (",
            "2018",
            ")",
          ],
          "type": "p",
        },
      ],
      "type": "div",
    },
  ],
  Symbol(enzyme.__options__): Object {
    "adapter": ReactSixteenAdapter {
      "options": Object {
        "enableComponentDidUpdateOnSetState": true,
      },
    },
  },
}
`;
