// Jest Snapshot v1, https://goo.gl/fbAQLP

exports[`SearchBySwitcher Tests Component SearchBySwitcher renders correctly 1`] = `
ShallowWrapper {
  "length": 1,
  Symbol(enzyme.__root__): [Circular],
  Symbol(enzyme.__unrendered__): <SearchBySwitcher />,
  Symbol(enzyme.__renderer__): Object {
    "batchedUpdates": [Function],
    "getNode": [Function],
    "render": [Function],
    "simulateEvent": [Function],
    "unmount": [Function],
  },
  Symbol(enzyme.__node__): Object {
    "instance": null,
    "key": undefined,
    "nodeType": "host",
    "props": Object {
      "children": Array [
        "Search by ",
        Array [
          <Unknown
            selected={true}
            text="title"
          />,
          <Unknown
            selected={false}
            text="genre"
          />,
        ],
      ],
    },
    "ref": null,
    "rendered": Array [
      "Search by ",
      Object {
        "instance": null,
        "key": "title",
        "nodeType": "function",
        "props": Object {
          "selected": true,
          "text": "title",
        },
        "ref": null,
        "rendered": null,
        "type": [Function],
      },
      Object {
        "instance": null,
        "key": "genre",
        "nodeType": "function",
        "props": Object {
          "selected": false,
          "text": "genre",
        },
        "ref": null,
        "rendered": null,
        "type": [Function],
      },
    ],
    "type": "div",
  },
  Symbol(enzyme.__nodes__): Array [
    Object {
      "instance": null,
      "key": undefined,
      "nodeType": "host",
      "props": Object {
        "children": Array [
          "Search by ",
          Array [
            <Unknown
              selected={true}
              text="title"
            />,
            <Unknown
              selected={false}
              text="genre"
            />,
          ],
        ],
      },
      "ref": null,
      "rendered": Array [
        "Search by ",
        Object {
          "instance": null,
          "key": "title",
          "nodeType": "function",
          "props": Object {
            "selected": true,
            "text": "title",
          },
          "ref": null,
          "rendered": null,
          "type": [Function],
        },
        Object {
          "instance": null,
          "key": "genre",
          "nodeType": "function",
          "props": Object {
            "selected": false,
            "text": "genre",
          },
          "ref": null,
          "rendered": null,
          "type": [Function],
        },
      ],
      "type": "div",
    },
  ],
  Symbol(enzyme.__options__): Object {
    "adapter": ReactSixteenAdapter {
      "options": Object {
        "enableComponentDidUpdateOnSetState": true,
      },
    },
  },
}
`;
